// Jest Snapshot v1, https://goo.gl/fbAQLP

exports[`SearchInput renders correctly 1`] = `
<div
  class="wrapper"
>
  <label
    for="searchField"
  >
    Search:
  </label>
   
  <input
    id="searchField"
  />
</div>
`;
