// Jest Snapshot v1, https://goo.gl/fbAQLP

exports[`Book renders correctly 1`] = `
<article
  class="book"
>
  <header
    class="book__headline"
  >
    <h2
      class="book__title"
    >
      
      In Search of Lost Time
      
      <span
        class="book__author"
      >
        Marcel Proust
      </span>
    </h2>
     
    <div
      class="book__upvotes-row"
    >
      <span>
        Upvoted 1111 times
      </span>
       
      <button
        class="book__upvote"
        type="button"
      >
        
        Upvote
      
      </button>
    </div>
  </header>
   
  <img
    alt="In Search of Lost Time"
    src="01.jpg"
  />
   
  <h3
    class="book__subtitle"
  >
    Synopsis
  </h3>
   
  <p
    class="book__description"
  >
    In Search of Lost Time, also translated as Remembrance of Things Past, novel in seven parts by Marcel Proust, published in French as À la recherche du temps perdu from 1913 to 1927. The novel is the story of Proust's own life, told as an allegorical search for truth.
In Search of Lost Time, also translated as Remembrance of Things Past, novel in seven parts by Marcel Proust, published in French as À la recherche du temps perdu from 1913 to 1927. The novel is the story of Proust's own life, told as an allegorical search for truth.
  </p>
   
  <p
    class="book__rating"
  >
    Rating: 9.9/10
  </p>
</article>
`;
