// Jest Snapshot v1, https://goo.gl/fbAQLP

exports[`List renders correctly 1`] = `
<div
  class="content"
>
  <h1
    class="title"
  >
    The books of all time
  </h1>
   
  <div
    class="wrapper"
    type="text"
  >
    <label
      for="searchField"
    >
      Search:
    </label>
     
    <input
      id="searchField"
    />
  </div>
   
  <ul
    class="books"
  >
    <li
      class="book"
    >
      <header
        class="book__headline"
      >
        <router-link-stub
          class="book__link"
          to="[object Object]"
        >
          <h2
            class="book__title"
          >
            1. In Search of Lost Time
          </h2>
        </router-link-stub>
         
        <span
          class="book__rating"
        >
          (9.9/10)
        </span>
      </header>
       
      <p
        class="book__author"
      >
        Marcel Proust
      </p>
       
      <p
        class="book__description"
      >
        In Search of Lost Time, also translated as Remembrance of Things Past, novel in seven parts by Marcel Proust, published in French as Ã€ la recherche du temps perdu from 1913 to 1927. The novel is the s...
      </p>
       
      <div
        class="book__upvotes-row"
      >
        <button
          class="book__upvote"
          type="button"
        >
          
      Upvote
    
        </button>
         
        <span>
          Upvoted 1111 times
        </span>
      </div>
       
      <router-link-stub
        class="book__image-link"
        to="[object Object]"
      >
        <img
          alt="In Search of Lost Time"
          src="01.jpg"
        />
      </router-link-stub>
    </li>
    <li
      class="book"
    >
      <header
        class="book__headline"
      >
        <router-link-stub
          class="book__link"
          to="[object Object]"
        >
          <h2
            class="book__title"
          >
            2. Don Quixote
          </h2>
        </router-link-stub>
         
        <span
          class="book__rating"
        >
          (9.8/10)
        </span>
      </header>
       
      <p
        class="book__author"
      >
        Miguel de Cervantes
      </p>
       
      <p
        class="book__description"
      >
        Don Quixote is a middle-aged gentleman from the region of La Mancha in central Spain. Obsessed with the chivalrous ideals touted in books he has read, he decides to take up his lance and sword to defe...
      </p>
       
      <div
        class="book__upvotes-row"
      >
        <button
          class="book__upvote book__upvote--checked"
          type="button"
        >
          
      Upvoted
    
        </button>
         
        <span>
          Upvoted 1022 times
        </span>
      </div>
       
      <router-link-stub
        class="book__image-link"
        to="[object Object]"
      >
        <img
          alt="Don Quixote"
          src="02.jpg"
        />
      </router-link-stub>
    </li>
  </ul>
</div>
`;
